components/AboutUs.tsx(1,22): error TS2307: Cannot find module '../../app/imports/svg-1kz55w3e74' or its corresponding type declarations.
components/Footer.tsx(8,26): error TS2307: Cannot find module '@/app/components/SchedulePage' or its corresponding type declarations.
components/ui/calendar.tsx(63,9): error TS2353: Object literal may only specify known properties, and 'IconLeft' does not exist in type 'Partial<CustomComponents>'.
components/ui/calendar.tsx(63,22): error TS7031: Binding element 'className' implicitly has an 'any' type.
components/ui/calendar.tsx(66,23): error TS7031: Binding element 'className' implicitly has an 'any' type.
components/ui/chart.tsx(109,3): error TS2339: Property 'payload' does not exist on type 'Omit<Props<ValueType, NameType>, PropertiesReadFromContext> & { active?: boolean | undefined; allowEscapeViewBox?: AllowInDimension | undefined; ... 24 more ...; wrapperStyle?: CSSProperties | undefined; } & ClassAttributes<...> & HTMLAttributes<...> & { ...; }'.
components/ui/chart.tsx(114,3): error TS2339: Property 'label' does not exist on type 'Omit<Props<ValueType, NameType>, PropertiesReadFromContext> & { active?: boolean | undefined; allowEscapeViewBox?: AllowInDimension | undefined; ... 24 more ...; wrapperStyle?: CSSProperties | undefined; } & ClassAttributes<...> & HTMLAttributes<...> & { ...; }'.
components/ui/chart.tsx(182,23): error TS7006: Parameter 'item' implicitly has an 'any' type.
components/ui/chart.tsx(182,29): error TS7006: Parameter 'index' implicitly has an 'any' type.
components/ui/chart.tsx(260,39): error TS2344: Type '"payload" | "verticalAlign"' does not satisfy the constraint '"string" | "className" | "filter" | "fill" | "values" | "children" | "path" | "href" | "suppressHydrationWarning" | "color" | "height" | "id" | "lang" | "max" | "media" | "method" | ... 432 more ... | "portal"'.
  Type '"payload"' is not assignable to type '"string" | "className" | "filter" | "fill" | "values" | "children" | "path" | "href" | "suppressHydrationWarning" | "color" | "height" | "id" | "lang" | "max" | "media" | "method" | ... 432 more ... | "portal"'.
components/ui/chart.tsx(266,17): error TS2339: Property 'length' does not exist on type '{}'.
components/ui/chart.tsx(278,16): error TS2339: Property 'map' does not exist on type '{}'.
components/ui/chart.tsx(278,21): error TS7006: Parameter 'item' implicitly has an 'any' type.
components/ui/resizable.tsx(5,37): error TS2307: Cannot find module 'react-resizable-panels' or its corresponding type declarations.
components/ui/sonner.tsx(3,26): error TS2307: Cannot find module 'next-themes' or its corresponding type declarations.
components/ui/toast.tsx(6,20): error TS2307: Cannot find module '@/lib/utils' or its corresponding type declarations.
components/ui/toaster.tsx(1,26): error TS2307: Cannot find module '@/hooks/use-toast' or its corresponding type declarations.
components/ui/toaster.tsx(9,31): error TS7031: Binding element 'id' implicitly has an 'any' type.
components/ui/toaster.tsx(9,35): error TS7031: Binding element 'title' implicitly has an 'any' type.
components/ui/toaster.tsx(9,42): error TS7031: Binding element 'description' implicitly has an 'any' type.
components/ui/toaster.tsx(9,55): error TS7031: Binding element 'action' implicitly has an 'any' type.
components/ui/use-toast.ts(1,33): error TS2307: Cannot find module '@/hooks/use-toast' or its corresponding type declarations.
